---
source: crates/tmc-langs-cli/tests/integration.rs
expression: output
input_file: crates/tmc-langs-cli/tests/sample_exercises/make/valgrind-failing-exercise
---
output-kind: output-data
status: finished
message: ran checkstyle
result: executed-command
data: ~

