---
source: crates/tmc-langs-cli/tests/integration.rs
expression: output
input_file: crates/tmc-langs-cli/tests/sample_exercises/c/failing-exercise
---
output-kind: output-data
status: finished
message: cleaned exercise at [PATH]
result: executed-command
data: ~

