---
source: crates/tmc-langs-cli/tests/integration.rs
expression: files
input_file: sample_exercises/r/exercise
---
- exercise
- exercise/R
- exercise/R/exercise1.R

