---
source: crates/tmc-langs-cli/tests/integration.rs
expression: files
input_file: sample_exercises/r/exercise
---
- exercise
- exercise/R
- exercise/R/exercise1.R
- exercise/Week1Zero.Rproj
- exercise/src
- exercise/src/empty.txt
- exercise/tests
- exercise/tests/testthat
- exercise/tests/testthat/testExercise1.R

