---
source: crates/tmc-langs-cli/tests/integration.rs
expression: files
input_file: sample_exercises/csharp/non-compiling-exercise
---
- non-compiling-exercise
- non-compiling-exercise/nuget.config
- non-compiling-exercise/src
- non-compiling-exercise/src/NonCompilingSample
- non-compiling-exercise/src/NonCompilingSample/NonCompilingSample.csproj
- non-compiling-exercise/src/NonCompilingSample/Program.cs
- non-compiling-exercise/test
- non-compiling-exercise/test/NonCompilingSampleTests
- non-compiling-exercise/test/NonCompilingSampleTests/NonCompilingSampleTests.csproj
- non-compiling-exercise/test/NonCompilingSampleTests/ProgramTest.cs

