---
source: crates/tmc-langs-cli/tests/integration.rs
expression: output
input_file: sample_exercises/java/maven-exercise
---
output-kind: output-data
status: finished
message: compressed project from [PATH] to [PATH]
result: executed-command
data:
  output-data-kind: compressed-project-hash
  output-data: a4b02f389bfb66cc99536ce56158cc1d132712e3e0e8a80ab34622e58743dd75

