---
source: crates/tmc-langs-cli/tests/integration.rs
expression: files
input_file: sample_exercises/r/exercise
---
- R
- R/exercise1.R
- Week1Zero.Rproj
- src
- src/empty.txt
- tests
- tests/testthat
- tests/testthat/testExercise1.R

