---
source: crates/tmc-langs-cli/tests/integration.rs
expression: files
input_file: sample_exercises/python3/exercise
---
- exercise
- exercise/src
- exercise/src/emoticon.py

