---
source: crates/tmc-langs-cli/tests/integration.rs
expression: files
input_file: sample_exercises/csharp/failing-exercise
---
- src
- src/FailingSample
- src/FailingSample/FailingSample.csproj
- src/FailingSample/Program.cs

