---
source: crates/tmc-langs-cli/tests/integration.rs
expression: output
input_file: sample_exercises/make/valgrind-failing-exercise
---
output-kind: output-data
status: finished
message: compressed project from [PATH] to [PATH]
result: executed-command
data:
  output-data-kind: compressed-project-hash
  output-data: 358a317c6cbafb23164ae75b7e4573dfcd3ed6bcdcf9370937896c44cc34eaf9

